// Jest Snapshot v1, https://goo.gl/fbAQLP

exports[`Search - unit should mount the component 1`] = `
<form
  class="search-form d-flex"
  data-testid="search-form"
>
  <input
    class="w-full border rounded-md"
    placeholder="Search"
    type="search"
  />
   
  <i
    aria-hidden="true"
    class="v-icon notranslate icon search-form__icon v-icon--dense mdi mdi-magnify theme--light"
  />
</form>
`;
